// Jest Snapshot v1, https://goo.gl/fbAQLP

exports[`SearchField component matches the snapshot 1`] = `
<div
  className="flex flex-1 mx-4 max-w-sm relative"
  id="search"
>
  <input
    className="flex-1 w-full border-solid border-2 dark:bg-gray-600 border-gray-300 dark:border-gray-500 rounded-md pl-10 pr-4 py-2"
    onChange={[Function]}
    placeholder="Search Reddit"
    type="search"
    value=""
  />
  <svg
    className="h-5 w-5 absolute left-4 top-3 text-gray-700 dark:text-gray-300"
    fill="none"
    stroke="currentColor"
    viewBox="0 0 24 24"
    xmlns="http://www.w3.org/2000/svg"
  >
    <path
      d="M21 21l-6-6m2-5a7 7 0 11-14 0 7 7 0 0114 0z"
      strokeLinecap="round"
      strokeLinejoin="round"
      strokeWidth={2}
    />
  </svg>
</div>
`;
